[rusla@alsur hlapp]$ vagrant ssh slave
Welcome to Ubuntu 20.04.1 LTS (GNU/Linux 5.4.0-42-generic x86_64)

 * Documentation:  https://help.ubuntu.com
 * Management:     https://landscape.canonical.com
 * Support:        https://ubuntu.com/advantage

  System information as of Sun 30 Aug 2020 06:04:22 PM UTC

  System load:  0.0               Processes:             105
  Usage of /:   2.6% of 61.31GB   Users logged in:       0
  Memory usage: 13%               IPv4 address for eth0: 10.0.2.15
  Swap usage:   0%                IPv4 address for eth1: 10.0.0.20


0 updates can be installed immediately.
0 of these updates are security updates.


The list of available updates is more than a week old.
To check for new updates run: sudo apt update


This system is built by the Bento project by Chef Software
More information can be found at https://github.com/chef/bento
Last login: Sun Aug 30 17:58:00 2020 from 10.0.2.2

vagrant@slave:~$ повтор действий произведенных на мастере
вплоть до строки 47 файла vagrant_ssh_master.log включительно

после выполнения инструкции в строке 92 файла vagrant_ssh_master.log продолжаем на slave:
vagrant@slave:~$ sudo mysql -uroot -proot
MariaDB [(none)]> CREATE DATABASE skytech;
MariaDB [(none)]> exit;

vagrant@slave:~$ sudo mysql -uroot -proot skytech < dev/app/dump/master.sql

vagrant@slave:~$ sudo mysql -uroot -proot
MariaDB [(none)]> USE skytech;
Reading table information for completion of table and column names
You can turn off this feature to get a quicker startup with -A

Database changed
MariaDB [skytech]> RESET SLAVE;
MariaDB [skytech]> CHANGE MASTER TO MASTER_HOST='10.0.0.10',MASTER_USER='skytech_user',MASTER_PASSWORD='123',MASTER_LOG_FILE='mysql-bin.000001',MASTER_LOG_POS=642;
Query OK, 0 rows affected (0.009 sec)

MariaDB [skytech]> START SLAVE;
Query OK, 0 rows affected (0.001 sec)

MariaDB [skytech]> SHOW SLAVE STATUS \G;
*************************** 1. row ***************************
                Slave_IO_State: Connecting to master
                   Master_Host: 10.0.0.10
                   Master_User: skytech_user
                   Master_Port: 3306
                 Connect_Retry: 60
               Master_Log_File: mysql-bin.000001
           Read_Master_Log_Pos: 642
                Relay_Log_File: mysql-relay-bin.000001
                 Relay_Log_Pos: 4
         Relay_Master_Log_File: mysql-bin.000001
              Slave_IO_Running: Connecting
             Slave_SQL_Running: Yes
               Replicate_Do_DB:
           Replicate_Ignore_DB:
            Replicate_Do_Table:
        Replicate_Ignore_Table:
       Replicate_Wild_Do_Table:
   Replicate_Wild_Ignore_Table:
                    Last_Errno: 0
                    Last_Error:
                  Skip_Counter: 0
           Exec_Master_Log_Pos: 642
               Relay_Log_Space: 256
               Until_Condition: None
                Until_Log_File:
                 Until_Log_Pos: 0
            Master_SSL_Allowed: No
            Master_SSL_CA_File:
            Master_SSL_CA_Path:
               Master_SSL_Cert:
             Master_SSL_Cipher:
                Master_SSL_Key:
         Seconds_Behind_Master: NULL
 Master_SSL_Verify_Server_Cert: No
                 Last_IO_Errno: 2003
                 Last_IO_Error: error connecting to master 'skytech_user@10.0.0.10:3306' - retry-time: 60  maximum-retries: 86400  message: Can't connect to MySQL server on '10.0.0.10' (111 "Connection refused")
                Last_SQL_Errno: 0
                Last_SQL_Error:
   Replicate_Ignore_Server_Ids:
              Master_Server_Id: 0
                Master_SSL_Crl:
            Master_SSL_Crlpath:
                    Using_Gtid: No
                   Gtid_IO_Pos:
       Replicate_Do_Domain_Ids:
   Replicate_Ignore_Domain_Ids:
                 Parallel_Mode: conservative
                     SQL_Delay: 0
           SQL_Remaining_Delay: NULL
       Slave_SQL_Running_State: Slave has read all relay log; waiting for the slave I/O thread to update it
              Slave_DDL_Groups: 0
Slave_Non_Transactional_Groups: 0
    Slave_Transactional_Groups: 0
1 row in set (0.000 sec)