vagrant@master:~$ sudo apt install memcached libmemcached-tools php-memcached -y
vagrant@master:~$ sudo systemctl status memcached
● memcached.service - memcached daemon
     Loaded: loaded (/lib/systemd/system/memcached.service; enabled; vendor preset: enabled)
     Active: active (running) since Thu 2020-09-03 19:20:52 UTC; 49s ago
       Docs: man:memcached(1)
   Main PID: 14956 (memcached)
      Tasks: 10 (limit: 1074)
     Memory: 1.5M
     CGroup: /system.slice/memcached.service
             └─14956 /usr/bin/memcached -m 64 -p 11211 -u memcache -l 127.0.0.1 -P /var/run/memcached/memcached.pid

vagrant@master:~$ php -i | grep memcached
/etc/php/7.4/cli/conf.d/25-memcached.ini
memcached
memcached support => enabled
libmemcached version => 1.0.18
memcached.compression_factor => 1.3 => 1.3
memcached.compression_threshold => 2000 => 2000
memcached.compression_type => fastlz => fastlz
memcached.default_binary_protocol => Off => Off
memcached.default_connect_timeout => 0 => 0
memcached.default_consistent_hash => Off => Off
memcached.serializer => php => php
memcached.sess_binary_protocol => On => On
memcached.sess_connect_timeout => 0 => 0
memcached.sess_consistent_hash => On => On
memcached.sess_consistent_hash_type => ketama => ketama
memcached.sess_lock_expire => 0 => 0
memcached.sess_lock_max_wait => not set => not set
memcached.sess_lock_retries => 5 => 5
memcached.sess_lock_wait => not set => not set
memcached.sess_lock_wait_max => 150 => 150
memcached.sess_lock_wait_min => 150 => 150
memcached.sess_locking => On => On
memcached.sess_number_of_replicas => 0 => 0
memcached.sess_persistent => Off => Off
memcached.sess_prefix => memc.sess.key. => memc.sess.key.
memcached.sess_randomize_replica_read => Off => Off
memcached.sess_remove_failed_servers => Off => Off
memcached.sess_sasl_password => no value => no value
memcached.sess_sasl_username => no value => no value
memcached.sess_server_failure_limit => 0 => 0
memcached.store_retry_count => 2 => 2

vagrant@master:~$ sudo apt install redis-server php-redis -y
vagrant@master:~$ sudo systemctl enable redis-server
vagrant@master:~$ sudo systemctl status redis-server
● redis-server.service - Advanced key-value store
     Loaded: loaded (/lib/systemd/system/redis-server.service; enabled; vendor preset: enabled)
     Active: active (running) since Thu 2020-09-03 19:09:01 UTC; 20s ago
       Docs: http://redis.io/documentation,
             man:redis-server(1)
   Main PID: 14202 (redis-server)
      Tasks: 4 (limit: 1074)
     Memory: 1.8M
     CGroup: /system.slice/redis-server.service
             └─14202 /usr/bin/redis-server 127.0.0.1:6379

vagrant@master:~$ redis-cli
127.0.0.1:6379> ping
PONG
127.0.0.1:6379> exit

vagrant@master:~$ php -i | grep redis
/etc/php/7.4/cli/conf.d/20-redis.ini,
redis
redis.arrays.algorithm => no value => no value
redis.arrays.auth => no value => no value
redis.arrays.autorehash => 0 => 0
redis.arrays.connecttimeout => 0 => 0
redis.arrays.consistent => 0 => 0
redis.arrays.distributor => no value => no value
redis.arrays.functions => no value => no value
redis.arrays.hosts => no value => no value
redis.arrays.index => 0 => 0
redis.arrays.lazyconnect => 0 => 0
redis.arrays.names => no value => no value
redis.arrays.pconnect => 0 => 0
redis.arrays.previous => no value => no value
redis.arrays.readtimeout => 0 => 0
redis.arrays.retryinterval => 0 => 0
redis.clusters.auth => no value => no value
redis.clusters.cache_slots => 0 => 0
redis.clusters.persistent => 0 => 0
redis.clusters.read_timeout => 0 => 0
redis.clusters.seeds => no value => no value
redis.clusters.timeout => 0 => 0
redis.pconnect.connection_limit => 0 => 0
redis.pconnect.pooling_enabled => 1 => 1
redis.session.lock_expire => 0 => 0
redis.session.lock_retries => 10 => 10
redis.session.lock_wait_time => 2000 => 2000
redis.session.locking_enabled => 0 => 0

